\BOOKMARK [1][-]{section.1}{\376\377\137\025\212\000}{}% 1
\BOOKMARK [1][-]{section.2}{\376\377\166\370\121\163\135\345\117\134}{}% 2
\BOOKMARK [2][-]{subsection.2.1}{\376\377\165\065\122\233\174\373\176\337\116\055\166\204\171\136\176\317\173\227\133\120\116\016\162\151\164\006\117\341\140\157\133\146\116\140}{section.2}% 3
\BOOKMARK [2][-]{subsection.2.2}{\376\377\127\372\116\216\133\146\116\140\166\204\146\202\140\001\172\063\133\232\213\304\117\060}{section.2}% 4
\BOOKMARK [1][-]{section.3}{\376\377\225\356\230\230\143\317\217\360}{}% 5
\BOOKMARK [2][-]{subsection.3.1}{\376\377\176\317\121\170\131\032\147\072\152\041\127\213}{section.3}% 6
\BOOKMARK [2][-]{subsection.3.2}{\376\377\225\356\230\230\226\110\217\360}{section.3}% 7
\BOOKMARK [1][-]{section.4}{\376\377\145\271\154\325}{}% 8
\BOOKMARK [2][-]{subsection.4.1}{\376\377\162\151\164\006\117\341\140\157\145\105\226\234\177\026\170\001}{section.4}% 9
\BOOKMARK [2][-]{subsection.4.2}{\376\377\171\136\176\317\173\227\133\120\147\266\147\204}{section.4}% 10
\BOOKMARK [2][-]{subsection.4.3}{\376\377\162\151\164\006\153\213\135\356\143\137\131\061\377\010\217\205\122\251\377\011}{section.4}% 11
\BOOKMARK [2][-]{subsection.4.4}{\376\377\121\161\137\142\213\244\213\301}{section.4}% 12
\BOOKMARK [2][-]{subsection.4.5}{\376\377\116\064\165\114\122\007\226\144\145\366\225\364\117\060\213\241}{section.4}% 13
\BOOKMARK [1][-]{section.5}{\376\377\133\236\232\214\213\276\177\156}{}% 14
\BOOKMARK [2][-]{subsection.5.1}{\376\377\155\113\213\325\174\373\176\337\116\016\145\160\143\156}{section.5}% 15
\BOOKMARK [2][-]{subsection.5.2}{\376\377\127\372\176\277\116\016\155\210\207\215}{section.5}% 16
\BOOKMARK [2][-]{subsection.5.3}{\376\377\213\304\117\060}{section.5}% 17
\BOOKMARK [1][-]{section.6}{\376\377\176\323\147\234}{}% 18
\BOOKMARK [2][-]{subsection.6.1}{\376\377\217\150\217\371\230\204\155\113\116\016\122\006\174\173}{section.6}% 19
\BOOKMARK [2][-]{subsection.6.2}{\376\377\162\151\164\006\117\341\140\157\177\026\170\001\166\204\117\134\165\050}{section.6}% 20
\BOOKMARK [2][-]{subsection.6.3}{\376\377\133\371\000\040\000N\000-\0001\000\040\142\323\142\121\166\204\154\333\123\026}{section.6}% 21
\BOOKMARK [2][-]{subsection.6.4}{\376\377\173\227\133\120\166\204\150\067\147\054\145\110\163\207}{section.6}% 22
\BOOKMARK [2][-]{subsection.6.5}{\376\377\133\371\123\125\217\164\123\321\165\065\147\072\152\041\127\213\166\204\142\151\134\125}{section.6}% 23
\BOOKMARK [2][-]{subsection.6.6}{\376\377\121\161\137\142\213\244\213\301}{section.6}% 24
\BOOKMARK [2][-]{subsection.6.7}{\376\377\215\037\176\323\147\234\377\032\217\223\121\145\177\026\170\001\116\016\153\213\135\356\143\137\131\061}{section.6}% 25
\BOOKMARK [2][-]{subsection.6.8}{\376\377\217\321\217\271\165\114\145\117\141\037\140\047\116\016\147\266\147\204\155\210\207\215}{section.6}% 26
\BOOKMARK [2][-]{subsection.6.9}{\376\377\133\371\155\113\221\317\126\152\130\360\166\204\234\201\150\322\140\047}{section.6}% 27
\BOOKMARK [2][-]{subsection.6.10}{\376\377\133\371\000\040\000I\000E\000E\000E\000\040\0001\0001\0008\000\040\202\202\160\271\174\373\176\337\166\204\123\357\142\151\134\125\140\047}{section.6}% 28
\BOOKMARK [1][-]{section.7}{\376\377\213\250\213\272\116\016\134\100\226\120\140\047}{}% 29
\BOOKMARK [1][-]{section.8}{\376\377\176\323\213\272}{}% 30
